// Jest Snapshot v1, https://goo.gl/fbAQLP

exports[`returns a module for the markdown file 1`] = `
"<p>This is H<sub>2</sub>O with a subscipt using the <code>sub</code> element.</p>
"
`;
