// Jest Snapshot v1, https://goo.gl/fbAQLP

exports[`returns a module for the markdown file 1`] = `
"<pre><code class=\\"hljs language-html\\"><span class=\\"hljs-tag\\">&lt;<span class=\\"hljs-name\\">body</span> <span class=\\"hljs-attr\\">class</span>=<span class=\\"hljs-string\\">\\"test\\"</span>&gt;</span>
  <span class=\\"hljs-tag\\">&lt;<span class=\\"hljs-name\\">h1</span> <span class=\\"hljs-attr\\">id</span>=<span class=\\"hljs-string\\">\\"top\\"</span>&gt;</span>Title<span class=\\"hljs-tag\\">&lt;/<span class=\\"hljs-name\\">h1</span>&gt;</span>
  <span class=\\"hljs-tag\\">&lt;<span class=\\"hljs-name\\">p</span>&gt;</span>Lorem <span class=\\"hljs-tag\\">&lt;<span class=\\"hljs-name\\">a</span> <span class=\\"hljs-attr\\">href</span>=<span class=\\"hljs-string\\">\\"#\\"</span>&gt;</span>ipsum<span class=\\"hljs-tag\\">&lt;/<span class=\\"hljs-name\\">a</span>&gt;</span><span class=\\"hljs-tag\\">&lt;/<span class=\\"hljs-name\\">p</span>&gt;</span>
<span class=\\"hljs-tag\\">&lt;/<span class=\\"hljs-name\\">body</span>&gt;</span>

</code></pre>
"
`;
