// Jest Snapshot v1, https://goo.gl/fbAQLP

exports[`returns a module for the markdown file 1`] = `
"<h1 class=\\"style-me\\">header</h1>
<p data-toggle=\\"modal\\">paragraph</p>
"
`;
