// Jest Snapshot v1, https://goo.gl/fbAQLP

exports[`returns a module for the markdown file 1`] = `
"<p>This is <mark>highlighted text</mark> using the <code>mark</code> element.</p>
"
`;
